// Jest Snapshot v1, https://goo.gl/fbAQLP

exports[`<App /> shallow rendering matches the snapshot 1`] = `
<h1>
  hello My world
</h1>
`;
